[2026-05-31T16:16:59.695Z] overnight survey started, deadline in 7.5h (2026-05-31T23:46:59.695Z)
[2026-05-31T16:16:59.697Z] loaded 980 valid JP entries from jump table
[2026-05-31T16:16:59.698Z] total probe targets: 988 (8 known internal + 980 jump table)
[2026-05-31T16:16:59.699Z] pass 0: A=0x01 BC=0x000010 DE=0x000080 HL=0x000200
[2026-05-31T16:40:53.087Z] pass 0 done: 1433.4s, 988 calls, 754 VRAM hits
[2026-05-31T16:40:53.088Z] pass 1: A=0x08 BC=0x00008b DE=0x0000a9 HL=0x000211
[2026-05-31T17:09:47.134Z] pass 1 done: 1734.0s, 988 calls, 756 VRAM hits
[2026-05-31T17:09:47.135Z] pass 2: A=0x0f BC=0x000106 DE=0x0000d2 HL=0x000222
[2026-05-31T17:34:14.006Z] pass 2 done: 1466.9s, 988 calls, 766 VRAM hits
[2026-05-31T17:34:14.008Z] pass 3: A=0x16 BC=0x000181 DE=0x0000fb HL=0x000233
[2026-05-31T18:05:26.262Z] pass 3 done: 1872.2s, 988 calls, 766 VRAM hits
[2026-05-31T18:05:26.263Z] pass 4: A=0x1d BC=0x0001fc DE=0x000124 HL=0x000244
[2026-05-31T18:31:04.642Z] pass 4 done: 1538.4s, 988 calls, 764 VRAM hits
[2026-05-31T18:31:04.644Z] pass 5: A=0x24 BC=0x000277 DE=0x00014d HL=0x000255
[2026-05-31T19:03:28.693Z] pass 5 done: 1944.0s, 988 calls, 766 VRAM hits
[2026-05-31T19:03:28.695Z] pass 6: A=0x2b BC=0x0002f2 DE=0x000176 HL=0x000266
[2026-05-31T19:28:56.616Z] pass 6 done: 1527.9s, 988 calls, 766 VRAM hits
[2026-05-31T19:28:56.616Z] pass 7: A=0x32 BC=0x00036d DE=0x00019f HL=0x000277
[2026-05-31T20:00:56.726Z] pass 7 done: 1920.1s, 988 calls, 765 VRAM hits
[2026-05-31T20:00:56.727Z] pass 8: A=0x39 BC=0x0003e8 DE=0x0001c8 HL=0x000288
[2026-05-31T20:26:20.349Z] pass 8 done: 1523.6s, 988 calls, 765 VRAM hits
[2026-05-31T20:26:20.350Z] pass 9: A=0x40 BC=0x000463 DE=0x0001f1 HL=0x000299
[2026-05-31T20:54:32.523Z] pass 9 done: 1692.2s, 988 calls, 767 VRAM hits
[2026-05-31T20:54:32.525Z] summary written at pass 10
[2026-05-31T20:54:32.525Z] pass 10: A=0x47 BC=0x0004de DE=0x00021a HL=0x0002aa
[2026-05-31T21:17:17.652Z] pass 10 done: 1365.1s, 988 calls, 767 VRAM hits
[2026-05-31T21:17:17.653Z] pass 11: A=0x4e BC=0x000559 DE=0x000243 HL=0x0002bb
[2026-05-31T21:51:50.289Z] pass 11 done: 2072.6s, 988 calls, 767 VRAM hits
[2026-05-31T21:51:50.291Z] pass 12: A=0x55 BC=0x0005d4 DE=0x00026c HL=0x0002cc
[2026-05-31T22:27:59.278Z] pass 12 done: 2169.0s, 988 calls, 767 VRAM hits
[2026-05-31T22:27:59.280Z] pass 13: A=0x5c BC=0x00064f DE=0x000295 HL=0x0002dd
